
 line       object           ucode  source program

   1    (38    1    1)                sym  1 1 1    //int i
   2    (38    1    2)                sym  1 2 1    //int max
   3    (37    2     )                bgn  2
   4    (20    1     )                ldc  1
   5    (24    1    1)                str  1 1
   6    (20    0     )                ldc  0
   7    (24    1    2)                str  1 2           
   8    (34          )     $$1        nop
   9    (19    1    1)                lod  1 1 
  10    (20    0     )                ldc  0
  11    (18          )                ne            //i!=0
  12    (28   25     )                fjp  $$2
  13    (23          )                ldp
  14    (21    1    1)                lda  1 1
  15    (29   -1     )                call  read    //read(i)
  16    (34          )     $$3        nop
  17    (19    1    1)                lod  1 1
  18    (19    1    2)                lod  1 2
  19    (13          )                gt  
  20    (28   23     )                fjp  $$5
  21    (19    1    1)                lod  1 1
  22    (24    1    2)                str  1 2 
  23    (34          )     $$5        nop
  24    (26    8     )                ujp  $$1                     
  25    (34          )     $$2        nop
  26    (23          )                ldp
  27    (19    1    2)                lod  1 2
  28    (29   -2     )                call  write
  29    (34          )     $$4        nop
  30    (36          )                end


   ****    Result    ****

 9


             ##### Statistics #####


    ****  Static Instruction Counts  ****

gt     =  1       ne     =  1       lod    =  5       ldc    =  3       
lda    =  1       ldp    =  2       str    =  3       ujp    =  1       
fjp    =  2       call   =  2       nop    =  5       end    =  1       
bgn    =  1       sym    =  2       

    ****  Dynamic instruction counts  ****

gt     =  9         ne     =  10        lod    =  34        ldc    =  12        
lda    =  9         ldp    =  10        str    =  7         ujp    =  9         
fjp    =  19        call   =  10        nop    =  30        end    =  1         
bgn    =  1         

 Executable instruction count  =   129

 Total execution cycle         =   1370
